// Jest Snapshot v1, https://goo.gl/fbAQLP

exports[`<TodoForm  /> should match the snapshot 1`] = `
<form
  class="makeStyles-form-1"
>
  <div
    class="MuiFormControl-root MuiTextField-root MuiFormControl-marginNormal MuiFormControl-fullWidth"
    data-testid="input-field"
  >
    <label
      class="MuiFormLabel-root MuiInputLabel-root MuiInputLabel-formControl MuiInputLabel-animated"
      data-shrink="false"
    >
       
    </label>
    <div
      class="MuiInputBase-root MuiInput-root MuiInput-underline makeStyles-textField-2 MuiInputBase-fullWidth MuiInput-fullWidth MuiInputBase-formControl MuiInput-formControl"
    >
      <input
        aria-invalid="false"
        autocomplete="off"
        class="MuiInputBase-input MuiInput-input"
        placeholder="what needs to be added ? "
        type="text"
        value=""
      />
    </div>
  </div>
</form>
`;
