// Jest Snapshot v1, https://goo.gl/fbAQLP

exports[`<TodoList  /> should match the snapshot 1`] = `
<div
  class="makeStyles-todo-1"
>
  <div
    class="makeStyles-wrapper-2"
  >
    <span
      class="makeStyles-strikeOffIcon-5"
    >
      <span
        aria-disabled="false"
        aria-label="update-completed-todo"
        class="MuiButtonBase-root MuiIconButton-root PrivateSwitchBase-root-8 MuiCheckbox-root MuiCheckbox-colorSecondary MuiIconButton-colorSecondary"
      >
        <span
          class="MuiIconButton-label"
        >
          <input
            aria-label="secondary checkbox"
            class="PrivateSwitchBase-input-11"
            data-indeterminate="false"
            type="checkbox"
            value=""
          />
          <svg
            aria-hidden="true"
            class="MuiSvgIcon-root"
            focusable="false"
            viewBox="0 0 24 24"
          >
            <path
              d="M12 2C6.48 2 2 6.48 2 12s4.48 10 10 10 10-4.48 10-10S17.52 2 12 2zm0 18c-4.42 0-8-3.58-8-8s3.58-8 8-8 8 3.58 8 8-3.58 8-8 8z"
            />
          </svg>
        </span>
        <span
          class="MuiTouchRipple-root"
        />
      </span>
    </span>
    <span
      class=""
    >
      hello
    </span>
  </div>
  <span
    aria-label="delete-todo"
    class="makeStyles-deleteIcon-7"
  >
    <svg
      aria-hidden="true"
      class="MuiSvgIcon-root"
      focusable="false"
      viewBox="0 0 24 24"
    >
      <path
        d="M6 19c0 1.1.9 2 2 2h8c1.1 0 2-.9 2-2V7H6v12zM19 4h-3.5l-1-1h-5l-1 1H5v2h14V4z"
      />
    </svg>
  </span>
  <span
    aria-label="update-todo"
    class="makeStyles-icon-6"
  >
    <svg
      aria-hidden="true"
      class="MuiSvgIcon-root"
      focusable="false"
      viewBox="0 0 24 24"
    >
      <path
        d="M3 17.25V21h3.75L17.81 9.94l-3.75-3.75L3 17.25zM20.71 7.04c.39-.39.39-1.02 0-1.41l-2.34-2.34a.9959.9959 0 00-1.41 0l-1.83 1.83 3.75 3.75 1.83-1.83z"
      />
    </svg>
  </span>
  <hr
    style="visibility: hidden;"
  />
</div>
`;
