// Jest Snapshot v1, https://goo.gl/fbAQLP

exports[`<AppBar  /> should match the snapshot 1`] = `
<div
  class="makeStyles-grow-1"
>
  <header
    class="MuiPaper-root MuiAppBar-root MuiAppBar-positionFixed MuiAppBar-colorPrimary makeStyles-appBar-2 mui-fixed MuiPaper-elevation4"
  >
    <div
      class="MuiToolbar-root MuiToolbar-regular MuiToolbar-gutters"
    >
      <h6
        class="MuiTypography-root makeStyles-title-3 MuiTypography-h6"
      >
        Welcome, 
      </h6>
      <button
        class="MuiButtonBase-root MuiButton-root MuiButton-text makeStyles-logout-4"
        tabindex="0"
        type="button"
      >
        <span
          class="MuiButton-label"
        >
          Logout
        </span>
        <span
          class="MuiTouchRipple-root"
        />
      </button>
    </div>
  </header>
</div>
`;
