// Jest Snapshot v1, https://goo.gl/fbAQLP

exports[`<Login  /> should match the snapshot 1`] = `
<div
  class="makeStyles-container-1"
>
  <img
    alt="img"
    class="makeStyles-image-2"
    src="todoist.jpg"
  />
  <button
    class="MuiButtonBase-root MuiButton-root MuiButton-contained"
    style="background-color: rgb(105, 105, 105); color: rgb(255, 255, 255);"
    tabindex="0"
    type="button"
  >
    <span
      class="MuiButton-label"
    >
      <span
        class="MuiButton-startIcon MuiButton-iconSizeMedium"
      >
        <svg
          aria-hidden="true"
          class="MuiSvgIcon-root"
          focusable="false"
          viewBox="0 0 24 24"
        >
          <path
            d="M20 4H4c-1.1 0-1.99.9-1.99 2L2 18c0 1.1.9 2 2 2h16c1.1 0 2-.9 2-2V6c0-1.1-.9-2-2-2zm0 14H4V8l8 5 8-5v10zm-8-7L4 6h16l-8 5z"
          />
        </svg>
      </span>
      Login with Google
    </span>
    <span
      class="MuiTouchRipple-root"
    />
  </button>
</div>
`;
